no such service: PYTHONPATH=/app
