=== Testing New API Endpoints ===

Waiting for API to be healthy (http://localhost:8000/health)...

[0;32m✓ API is healthy and migrations are complete![0m

1. Getting auth token...
[0;32m✓ Got auth token[0m

2. Testing POST /notes/create...
[0;32m✓ Note created successfully (ID: 3f321550-a282-48b5-a411-d36192d5af29)[0m

3. Testing GET /notes/{id}/whatsapp...
[0;32m✓ WhatsApp draft generated[0m
Draft preview: VoiceNote Note: Test Note from API

Summary: This ...

4. Testing POST /notes/{id}/semantic-analysis...
[0;32m✓ Semantic analysis triggered[0m
Message: Semantic analysis started in background

5. Testing POST /tasks...
[0;32m✓ Task created successfully (ID: c9b134a8-3ec6-436b-93f9-c13451cd49e3)[0m

6. Testing GET /tasks/due-today...
[0;32m✓ Due today tasks retrieved (0 tasks)[0m

7. Testing GET /tasks/overdue...
[0;32m✓ Overdue tasks retrieved (0 tasks)[0m

8. Testing GET /tasks/assigned-to-me...
[0;32m✓ Assigned tasks retrieved (0 tasks)[0m

9. Testing GET /tasks/search...
[0;32m✓ Task search working (1 results)[0m

10. Testing GET /tasks/stats...
[0;32m✓ Task statistics retrieved[0m
Total tasks: 1

11. Testing POST /tasks/{id}/duplicate...
[0;32m✓ Task duplicated successfully (New ID: 19e84b78-06cf-4bf2-b177-e10b0edd2039)[0m

=== Test Summary ===
All 11 endpoint tests completed!
Check results above for any failures.
